   4  set A "Agents to be paired up";
   5  alias(A, A1, A2, A3);
   6  parameter rank(A, A) "The rank A1 gives to A2 is the position of A2 on A1's preference list";
   7  parameter c(A) "Capacity aka max group size for each agent";
   8  scalar g "group size";


COMPILATION TIME     =        0.000 SECONDS      2 MB  32.2.0 rc62c018 WEX-WEI
GAMS 32.2.0  rc62c018 Released Aug 26, 2020 WEX-WEI x86 64bit/MS Windows - 12/06/20 22:54:34 Page 1
G e n e r a l   A l g e b r a i c   M o d e l i n g   S y s t e m
E x e c u t i o n


EXECUTION TIME       =        0.000 SECONDS      2 MB  32.2.0 rc62c018 WEX-WEI


USER: Introduction to Optimization (CS/ISyE/ECE 524) S200826/0001AB-GEN
      University of Wisconsin-Madison, Computer Sciences Dept.   DCE850
      License for teaching and research at degree granting institutions


**** FILE SUMMARY

Restart    D:\Github\CS524-Final-Project\_gams_py_gcp0.g00
Input      D:\Github\CS524-Final-Project\gamsJupyter2.gms
Output     D:\Github\CS524-Final-Project\gamsJupyter2.lst
Save       D:\Github\CS524-Final-Project\_gams_py_gcp1.g0?

**** WARNING - COMPILER OPTIONS ARE NON DEFAULT     EOLCOM # 
